// Jest Snapshot v1, https://goo.gl/fbAQLP

exports[`BasicInformation must render correctly 1`] = `
<BasicInformation
  labelValuePairs={
    Array [
      Object {
        "label": "currentEdd",
        "value": "test edd",
      },
      Object {
        "label": "currentGravidity",
        "value": 20,
      },
      Object {
        "label": "currentParity",
        "value": 20,
      },
      Object {
        "label": "id",
        "value": "test",
      },
      Object {
        "label": "location",
        "value": "Test Location",
      },
      Object {
        "label": "previousPregnancyRisk",
        "value": "no risk",
      },
    ]
  }
>
  <div
    id="detailsRow"
  >
    <Card
      id="detailsCard"
      tag="div"
    >
      <div
        className="card"
        id="detailsCard"
      >
        <CardTitle
          tag="div"
        >
          <div
            className="card-title"
          >
            Basic Information
          </div>
        </CardTitle>
        <div
          className="d-flex justify-content-between p-3 flex-wrap information__card_body"
        >
          <div
            className="flex-fill d-flex flex-wrap information__card_body_cell p-1"
            key="currentEdd-test edd"
          >
            <span
              className="prop"
            >
               
              currentEdd
              :
            </span>
            <span
              className="value"
            >
              test edd
            </span>
          </div>
          <div
            className="flex-fill d-flex flex-wrap information__card_body_cell p-1"
            key="currentGravidity-20"
          >
            <span
              className="prop"
            >
               
              currentGravidity
              :
            </span>
            <span
              className="value"
            >
              20
            </span>
          </div>
          <div
            className="flex-fill d-flex flex-wrap information__card_body_cell p-1"
            key="currentParity-20"
          >
            <span
              className="prop"
            >
               
              currentParity
              :
            </span>
            <span
              className="value"
            >
              20
            </span>
          </div>
          <div
            className="flex-fill d-flex flex-wrap information__card_body_cell p-1"
            key="id-test"
          >
            <span
              className="prop"
            >
               
              id
              :
            </span>
            <span
              className="value"
            >
              test
            </span>
          </div>
          <div
            className="flex-fill d-flex flex-wrap information__card_body_cell p-1"
            key="location-Test Location"
          >
            <span
              className="prop"
            >
               
              location
              :
            </span>
            <span
              className="value"
            >
              Test Location
            </span>
          </div>
          <div
            className="flex-fill d-flex flex-wrap information__card_body_cell p-1"
            key="previousPregnancyRisk-no risk"
          >
            <span
              className="prop"
            >
               
              previousPregnancyRisk
              :
            </span>
            <span
              className="value"
            >
              no risk
            </span>
          </div>
        </div>
      </div>
    </Card>
  </div>
</BasicInformation>
`;
