// Jest Snapshot v1, https://goo.gl/fbAQLP

exports[`components/page/SideMenu renders side menu correctly 1`] = `
<ul
  className="side-collapse-nav nav"
  id="Home"
  onClick={[Function]}
>
  <NavItem
    tag="li"
  >
    <li
      className="nav-item"
    >
      <NavLink
        className="nav nav-link side-nav-item active-collapse-menu"
        to="/"
      >
        <Link
          aria-current="page"
          className="nav nav-link side-nav-item active-collapse-menu active"
          style={Object {}}
          to={
            Object {
              "hash": "",
              "pathname": "/",
              "search": "",
              "state": null,
            }
          }
        >
          <LinkAnchor
            aria-current="page"
            className="nav nav-link side-nav-item active-collapse-menu active"
            href="/"
            navigate={[Function]}
            style={Object {}}
          >
            <a
              aria-current="page"
              className="nav nav-link side-nav-item active-collapse-menu active"
              href="/"
              onClick={[Function]}
              style={Object {}}
            >
              <ForwardRef(SvgHome)>
                <svg>
                  home.svg
                </svg>
              </ForwardRef(SvgHome)>
              <span
                className="collapse-menu-title"
              >
                 
                Home
                 
              </span>
            </a>
          </LinkAnchor>
        </Link>
      </NavLink>
    </li>
  </NavItem>
</ul>
`;

exports[`components/page/SideMenu sets the collapsedModuleLabel correctly from clicks on parentNavs: sideMenu link labels 1`] = `"home.svg Home "`;

exports[`components/page/SideMenu sets the collapsedModuleLabel correctly from clicks on parentNavs: sideMenu link labels 2`] = `"pregnancy.svg Pregnancy  Log face  Compartments  Analysis "`;

exports[`components/page/SideMenu sets the collapsedModuleLabel correctly from clicks on parentNavs: sideMenu link labels 3`] = `"nbcandpnc.svg NBC & PNC  Log face  Compartments  Analysis "`;

exports[`components/page/SideMenu sets the collapsedModuleLabel correctly from clicks on parentNavs: sideMenu link labels 4`] = `"nutrition.svg Nutrition  Log face  Compartments  Analysis "`;

exports[`components/page/SideMenu sets the collapsedModuleLabel correctly from clicks on parentNavs: sideMenu link labels 5`] = `" Reports "`;

exports[`components/page/SideMenu sets the collapsedModuleLabel correctly from clicks on parentNavs: sideMenu link labels 6`] = `" Client Records  All clients  Household  ANC  Child "`;

exports[`components/page/SideMenu sets the collapsedModuleLabel correctly from clicks on parentNavs: sideMenu link labels 7`] = `" Admin  Users  Roles  Teams  Locations "`;
