// Jest Snapshot v1, https://goo.gl/fbAQLP

exports[`PregnancyHome must render correctly 1`] = `
<div
  className="module-home-main"
>
  <div
    className="welcome-text"
  >
    <h1>
      Welcome to the pregnancy dashboard
    </h1>
    <p>
      description
    </p>
  </div>
  <div
    className="module-home-cards"
  >
    <div
      className="card"
    >
      <h5
        className="card-header"
      >
        Log face
      </h5>
      <div
        className="card-body"
      >
        <p>
          Display of all messages received from MIECD in chronological order
        </p>
        <Link
          to="#"
        >
          <LinkAnchor
            href="/"
            navigate={[Function]}
          >
            <a
              href="/"
              onClick={[Function]}
            >
              <button
                className="button-style "
              >
                View
              </button>
            </a>
          </LinkAnchor>
        </Link>
      </div>
    </div>
    <div
      className="card"
    >
      <h5
        className="card-header"
      >
        Compartments
      </h5>
      <div
        className="card-body"
      >
        <p>
          This is the aggregation and categorization of patients data
        </p>
        <Link
          to="/pregnancy_compartments"
        >
          <LinkAnchor
            href="/pregnancy_compartments"
            navigate={[Function]}
          >
            <a
              href="/pregnancy_compartments"
              onClick={[Function]}
            >
              <button
                className="button-style "
              >
                View
              </button>
            </a>
          </LinkAnchor>
        </Link>
      </div>
    </div>
    <div
      className="card"
    >
      <h5
        className="card-header"
      >
        Analysis
      </h5>
      <div
        className="card-body"
      >
        <p>
          Important analysis and indicators generated from collected data
        </p>
        <Link
          to="/pregnancy_analysis"
        >
          <LinkAnchor
            href="/pregnancy_analysis"
            navigate={[Function]}
          >
            <a
              href="/pregnancy_analysis"
              onClick={[Function]}
            >
              <button
                className="button-style "
              >
                View
              </button>
            </a>
          </LinkAnchor>
        </Link>
      </div>
    </div>
  </div>
</div>
`;
