// Jest Snapshot v1, https://goo.gl/fbAQLP

exports[`containers/LogFace renders correctly: filter div 1`] = `
Array [
  <div
    className="logface-page-filter"
  >
    <span>
      Risk Level
    </span>
    <SelectComponent
      classNamePrefix="logface-filters"
      disabled={false}
      onChange={[Function]}
      options={
        Array [
          Object {
            "label": "red",
            "value": "red",
          },
          Object {
            "label": "high",
            "value": "high",
          },
          Object {
            "label": "low",
            "value": "low",
          },
          Object {
            "label": "no risk",
            "value": "no risk",
          },
          Object {
            "label": "all",
            "value": "all",
          },
        ]
      }
      placeholder="Select risk"
    >
      <select
        className="mock-select undefined"
        classNamePrefix="logface-filters"
        disabled={false}
        onChange={[Function]}
        options={
          Array [
            Object {
              "label": "red",
              "value": "red",
            },
            Object {
              "label": "high",
              "value": "high",
            },
            Object {
              "label": "low",
              "value": "low",
            },
            Object {
              "label": "no risk",
              "value": "no risk",
            },
            Object {
              "label": "all",
              "value": "all",
            },
          ]
        }
        placeholder="Select risk"
      />
    </SelectComponent>
  </div>,
  <div
    className="logface-page-filter"
  >
    <span>
      Select Location
    </span>
    <SelectComponent
      classNamePrefix="logface-filters"
      disabled={false}
      onChange={[Function]}
      options={
        Array [
          Object {
            "label": "Yen Phu Village",
            "value": "Yen Phu Village",
          },
          Object {
            "label": "all",
            "value": "all",
          },
        ]
      }
      placeholder="Select location"
    >
      <select
        className="mock-select undefined"
        classNamePrefix="logface-filters"
        disabled={false}
        onChange={[Function]}
        options={
          Array [
            Object {
              "label": "Yen Phu Village",
              "value": "Yen Phu Village",
            },
            Object {
              "label": "all",
              "value": "all",
            },
          ]
        }
        placeholder="Select location"
      />
    </SelectComponent>
  </div>,
  <div
    className="logface-page-filter"
  >
    <span>
      Type
    </span>
    <SelectComponent
      classNamePrefix="logface-filters"
      disabled={false}
      onChange={[Function]}
      options={
        Array [
          Object {
            "label": "Response Report",
            "value": "Response Report",
          },
          Object {
            "label": "Red Alert Report",
            "value": "Red Alert Report",
          },
          Object {
            "label": "Social Determinants",
            "value": "Social Determinants",
          },
          Object {
            "label": "ANC Visit",
            "value": "ANC Visit",
          },
          Object {
            "label": "Delivery Planning",
            "value": "Delivery Planning",
          },
          Object {
            "label": "Pregnancy Detection",
            "value": "Pregnancy Detection",
          },
          Object {
            "label": "Pregnancy Identification",
            "value": "Pregnancy Identification",
          },
          Object {
            "label": "Pregnancy registration",
            "value": "Pregnancy registration",
          },
          Object {
            "label": "ANC Report",
            "value": "ANC Report",
          },
          Object {
            "label": "Home Visit Report",
            "value": "Home Visit Report",
          },
          Object {
            "label": "Birth Report",
            "value": "Birth Report",
          },
          Object {
            "label": "Death Report",
            "value": "Death Report",
          },
          Object {
            "label": "Postnatal and Newborn Care",
            "value": "Postnatal and Newborn Care",
          },
          Object {
            "label": "Nutrition Registration",
            "value": "Nutrition Registration",
          },
          Object {
            "label": "Nutrition Report",
            "value": "Nutrition Report",
          },
          Object {
            "label": "Monthly Nutrition Report",
            "value": "Monthly Nutrition Report",
          },
          Object {
            "label": "Departure Code",
            "value": "Departure Code",
          },
          Object {
            "label": "Refusal Code",
            "value": "Refusal Code",
          },
          Object {
            "label": "Account Check",
            "value": "Account Check",
          },
        ]
      }
      placeholder="Select type"
    >
      <select
        className="mock-select undefined"
        classNamePrefix="logface-filters"
        disabled={false}
        onChange={[Function]}
        options={
          Array [
            Object {
              "label": "Response Report",
              "value": "Response Report",
            },
            Object {
              "label": "Red Alert Report",
              "value": "Red Alert Report",
            },
            Object {
              "label": "Social Determinants",
              "value": "Social Determinants",
            },
            Object {
              "label": "ANC Visit",
              "value": "ANC Visit",
            },
            Object {
              "label": "Delivery Planning",
              "value": "Delivery Planning",
            },
            Object {
              "label": "Pregnancy Detection",
              "value": "Pregnancy Detection",
            },
            Object {
              "label": "Pregnancy Identification",
              "value": "Pregnancy Identification",
            },
            Object {
              "label": "Pregnancy registration",
              "value": "Pregnancy registration",
            },
            Object {
              "label": "ANC Report",
              "value": "ANC Report",
            },
            Object {
              "label": "Home Visit Report",
              "value": "Home Visit Report",
            },
            Object {
              "label": "Birth Report",
              "value": "Birth Report",
            },
            Object {
              "label": "Death Report",
              "value": "Death Report",
            },
            Object {
              "label": "Postnatal and Newborn Care",
              "value": "Postnatal and Newborn Care",
            },
            Object {
              "label": "Nutrition Registration",
              "value": "Nutrition Registration",
            },
            Object {
              "label": "Nutrition Report",
              "value": "Nutrition Report",
            },
            Object {
              "label": "Monthly Nutrition Report",
              "value": "Monthly Nutrition Report",
            },
            Object {
              "label": "Departure Code",
              "value": "Departure Code",
            },
            Object {
              "label": "Refusal Code",
              "value": "Refusal Code",
            },
            Object {
              "label": "Account Check",
              "value": "Account Check",
            },
          ]
        }
        placeholder="Select type"
      />
    </SelectComponent>
  </div>,
]
`;

exports[`containers/LogFace renders correctly: logface title 1`] = `
<h2
  id="logface_title"
>
  Log Face - Pregnancy
</h2>
`;

exports[`containers/LogFace renders correctly: paginator 1`] = `
<div
  className="paginator"
>
  <Paginator
    ariaLabel="page navigation"
    endLabel="last"
    nextLabel="next"
    onPageChange={[Function]}
    pageLimit={5}
    pageNeighbours={3}
    previousLabel="previous"
    startLabel="first"
    totalRecords={32}
  >
    <BasePaginator
      ariaLabel="page navigation"
      currentPage={1}
      endLabel="last"
      nextLabel="next"
      onPageChange={[Function]}
      pageChangeHandler={[Function]}
      pageLimit={5}
      pageNeighbours={3}
      previousLabel="previous"
      startLabel="first"
      totalRecords={32}
    >
      <Pagination
        aria-label="page navigation"
        listTag="ul"
        size="sm"
        tag="nav"
      >
        <nav
          aria-label="page navigation"
          className=""
        >
          <ul
            className="pagination pagination-sm"
          >
            <PaginationItem
              className="page-item disabled"
              tag="li"
            >
              <li
                className="page-item disabled page-item"
              >
                <PaginationLink
                  aria-label="first"
                  className="page-link"
                  href="#"
                  onClick={[Function]}
                  tag="a"
                >
                  <a
                    aria-label="first"
                    className="page-link page-link"
                    href="#"
                    onClick={[Function]}
                  >
                    <span
                      aria-hidden="true"
                    >
                      first
                    </span>
                    <span
                      className="sr-only"
                    >
                      first
                    </span>
                  </a>
                </PaginationLink>
              </li>
            </PaginationItem>
            <PaginationItem
              className="page-item disabled"
              tag="li"
            >
              <li
                className="page-item disabled page-item"
              >
                <PaginationLink
                  aria-label="previous"
                  className="page-link"
                  href="#"
                  onClick={[Function]}
                  tag="a"
                >
                  <a
                    aria-label="previous"
                    className="page-link page-link"
                    href="#"
                    onClick={[Function]}
                  >
                    <span
                      aria-hidden="true"
                    >
                      previous
                    </span>
                    <span
                      className="sr-only"
                    >
                      previous
                    </span>
                  </a>
                </PaginationLink>
              </li>
            </PaginationItem>
            <PaginationItem
              className="page-item  active"
              key="0"
              tag="li"
            >
              <li
                className="page-item  active page-item"
              >
                <PaginationLink
                  className="page-link"
                  href="#"
                  onClick={[Function]}
                  tag="a"
                >
                  <a
                    className="page-link page-link"
                    href="#"
                    onClick={[Function]}
                  >
                    1
                  </a>
                </PaginationLink>
              </li>
            </PaginationItem>
            <PaginationItem
              className="page-item "
              key="1"
              tag="li"
            >
              <li
                className="page-item  page-item"
              >
                <PaginationLink
                  className="page-link"
                  href="#"
                  onClick={[Function]}
                  tag="a"
                >
                  <a
                    className="page-link page-link"
                    href="#"
                    onClick={[Function]}
                  >
                    2
                  </a>
                </PaginationLink>
              </li>
            </PaginationItem>
            <PaginationItem
              className="page-item "
              key="2"
              tag="li"
            >
              <li
                className="page-item  page-item"
              >
                <PaginationLink
                  className="page-link"
                  href="#"
                  onClick={[Function]}
                  tag="a"
                >
                  <a
                    className="page-link page-link"
                    href="#"
                    onClick={[Function]}
                  >
                    3
                  </a>
                </PaginationLink>
              </li>
            </PaginationItem>
            <PaginationItem
              className="page-item "
              key="3"
              tag="li"
            >
              <li
                className="page-item  page-item"
              >
                <PaginationLink
                  className="page-link"
                  href="#"
                  onClick={[Function]}
                  tag="a"
                >
                  <a
                    className="page-link page-link"
                    href="#"
                    onClick={[Function]}
                  >
                    4
                  </a>
                </PaginationLink>
              </li>
            </PaginationItem>
            <PaginationItem
              className="page-item  "
              tag="li"
            >
              <li
                className="page-item   page-item"
              >
                <PaginationLink
                  aria-label="next"
                  className="page-link"
                  href="#"
                  onClick={[Function]}
                  tag="a"
                >
                  <a
                    aria-label="next"
                    className="page-link page-link"
                    href="#"
                    onClick={[Function]}
                  >
                    <span
                      aria-hidden="true"
                    >
                      next
                    </span>
                    <span
                      className="sr-only"
                    >
                      next
                    </span>
                  </a>
                </PaginationLink>
              </li>
            </PaginationItem>
            <PaginationItem
              className="page-item "
              tag="li"
            >
              <li
                className="page-item  page-item"
              >
                <PaginationLink
                  aria-label="last"
                  className="page-link "
                  href="#"
                  onClick={[Function]}
                  tag="a"
                >
                  <a
                    aria-label="last"
                    className="page-link  page-link"
                    href="#"
                    onClick={[Function]}
                  >
                    <span
                      aria-hidden="true"
                    >
                      last
                    </span>
                    <span
                      className="sr-only"
                    >
                      last
                    </span>
                  </a>
                </PaginationLink>
              </li>
            </PaginationItem>
          </ul>
        </nav>
      </Pagination>
    </BasePaginator>
  </Paginator>
</div>
`;

exports[`containers/LogFace renders correctly: search div 1`] = `
<input
  className="form-control logface-search"
  disabled={false}
  id="input"
  name="input"
  onBlur={[Function]}
  onChange={[Function]}
  placeholder="Search ID, Reporter, Patients"
  type="text"
/>
`;

exports[`containers/LogFace renders correctly: table snapshot 1`] = `
<table
  className="table table-borderless table-striped"
>
  <thead
    id="header"
  >
    <tr>
      <th
        className="default-width"
      >
        Event Date
      </th>
      <th
        className="default-width"
      >
        Location
      </th>
      <th
        className="default-width"
      >
        SMS Type
      </th>
      <th
        className="default-width"
      >
        Reporter
      </th>
      <th
        className="default-width"
      >
        Patient
      </th>
      <th
        className="small-width"
      >
        Age
      </th>
      <th
        className="large-width"
      >
        Message
      </th>
      <th
        className="default-width"
      >
        Risk Level
      </th>
    </tr>
  </thead>
  <tbody
    id="body"
  >
    <tr
      key="1570173602178"
    >
      <td
        className="default-width"
      >
        04/10/19
      </td>
      <td
        className="default-width"
      >
        Yen Phu Village
      </td>
      <td
        className="default-width"
      >
        Response Report
      </td>
      <td
        className="default-width"
      >
        Husna Hariz
      </td>
      <td
        className="default-width"
      >
        <Link
          to="/pregnancy_log_face/child_patient_detail/100P9K-20191001-01"
        >
          <LinkAnchor
            href="/pregnancy_log_face/child_patient_detail/100P9K-20191001-01"
            navigate={[Function]}
          >
            <a
              href="/pregnancy_log_face/child_patient_detail/100P9K-20191001-01"
              onClick={[Function]}
            >
              100P9K-20191001-01
            </a>
          </LinkAnchor>
        </Link>
      </td>
      <td
        className="small-width"
      >
        3d
      </td>
      <td
        className="large-width"
      >
        Symptoms = No symptoms  
Intervention = Ambulance On Time 
Health Status = 
      </td>
      <td
        className="default-width"
      >
        <Link
          to="/pregnancy_log_face/child_patient_detail/100P9K-20191001-01"
        >
          <LinkAnchor
            href="/pregnancy_log_face/child_patient_detail/100P9K-20191001-01"
            navigate={[Function]}
          >
            <a
              href="/pregnancy_log_face/child_patient_detail/100P9K-20191001-01"
              onClick={[Function]}
            >
              <RiskColoring
                risk="no risk"
              >
                <span
                  className="badge badge-success"
                  id="default-width"
                >
                  <div>
                    <p>
                      No Risk
                    </p>
                  </div>
                </span>
              </RiskColoring>
            </a>
          </LinkAnchor>
        </Link>
      </td>
    </tr>
    <tr
      key="1570173399115"
    >
      <td
        className="default-width"
      >
        04/10/19
      </td>
      <td
        className="default-width"
      >
        Yen Phu Village
      </td>
      <td
        className="default-width"
      >
        Red Alert Report
      </td>
      <td
        className="default-width"
      >
        Husna Hariz
      </td>
      <td
        className="default-width"
      >
        <Link
          to="/pregnancy_log_face/child_patient_detail/100P9K-20191001-01"
        >
          <LinkAnchor
            href="/pregnancy_log_face/child_patient_detail/100P9K-20191001-01"
            navigate={[Function]}
          >
            <a
              href="/pregnancy_log_face/child_patient_detail/100P9K-20191001-01"
              onClick={[Function]}
            >
              100P9K-20191001-01
            </a>
          </LinkAnchor>
        </Link>
      </td>
      <td
        className="small-width"
      >
        3d
      </td>
      <td
        className="large-width"
      >
        Symptoms = Coughing, Fever 
Location = At home 
Interventions = 
      </td>
      <td
        className="default-width"
      >
        <Link
          to="/pregnancy_log_face/child_patient_detail/100P9K-20191001-01"
        >
          <LinkAnchor
            href="/pregnancy_log_face/child_patient_detail/100P9K-20191001-01"
            navigate={[Function]}
          >
            <a
              href="/pregnancy_log_face/child_patient_detail/100P9K-20191001-01"
              onClick={[Function]}
            >
              <RiskColoring
                risk="red"
              >
                <span
                  className="badge badge-danger"
                  id="default-width"
                >
                  <div>
                    <p>
                      Red Alert
                    </p>
                  </div>
                </span>
              </RiskColoring>
            </a>
          </LinkAnchor>
        </Link>
      </td>
    </tr>
    <tr
      key="1570171129630"
    >
      <td
        className="default-width"
      >
        04/10/19
      </td>
      <td
        className="default-width"
      >
        Yen Phu Village
      </td>
      <td
        className="default-width"
      >
        Pregnancy Registration
      </td>
      <td
        className="default-width"
      >
        HMN
      </td>
      <td
        className="default-width"
      >
        <Link
          to="/pregnancy_log_face/patient_detail/100PAH"
        >
          <LinkAnchor
            href="/pregnancy_log_face/patient_detail/100PAH"
            navigate={[Function]}
          >
            <a
              href="/pregnancy_log_face/patient_detail/100PAH"
              onClick={[Function]}
            >
              100PAH
            </a>
          </LinkAnchor>
        </Link>
      </td>
      <td
        className="small-width"
      >
        30y 9m
      </td>
      <td
        className="large-width"
      >
        EDD = 09-10-2019
Gravidity = 3
Parity = 1
Weight = 55 
Height = 145
BMI = 26
Previous Gynaecology History = Previous pregnancy too close or too far, Home Delivery
Current Symptoms = Heavy sweating, Coughing
      </td>
      <td
        className="default-width"
      >
        <Link
          to="/pregnancy_log_face/patient_detail/100PAH"
        >
          <LinkAnchor
            href="/pregnancy_log_face/patient_detail/100PAH"
            navigate={[Function]}
          >
            <a
              href="/pregnancy_log_face/patient_detail/100PAH"
              onClick={[Function]}
            >
              <RiskColoring
                risk="red"
              >
                <span
                  className="badge badge-danger"
                  id="default-width"
                >
                  <div>
                    <p>
                      Red Alert
                    </p>
                  </div>
                </span>
              </RiskColoring>
            </a>
          </LinkAnchor>
        </Link>
      </td>
    </tr>
  </tbody>
</table>
`;
