// Jest Snapshot v1, https://goo.gl/fbAQLP

exports[`containers/LogFace extended filters work correctly: risk filter 1`] = `
<select
  data-testid="select"
  onChange={[Function]}
>
  <option
    key="red_alert"
    value="red_alert"
  >
    Red alert
  </option>
  <option
    key="risk"
    value="risk"
  >
    Risk
  </option>
  <option
    key="no_risk"
    value="no_risk"
  >
    No risk
  </option>
</select>
`;

exports[`containers/LogFace renders correctly: filter div 1`] = `
Array [
  <div
    className="logface-page-filter"
  >
    <span>
      Risk Level
    </span>
    <Component
      classNamePrefix="logface-filters"
      id="risk-filter"
      isClearable={true}
      onChange={[Function]}
      options={
        Array [
          Object {
            "label": "Red alert",
            "value": "red_alert",
          },
          Object {
            "label": "Risk",
            "value": "risk",
          },
          Object {
            "label": "No risk",
            "value": "no_risk",
          },
        ]
      }
      placeholder="Select risk"
    >
      <select
        data-testid="select"
        onChange={[Function]}
      >
        <option
          key="red_alert"
          value="red_alert"
        >
          Red alert
        </option>
        <option
          key="risk"
          value="risk"
        >
          Risk
        </option>
        <option
          key="no_risk"
          value="no_risk"
        >
          No risk
        </option>
      </select>
    </Component>
  </div>,
  <div
    className="logface-page-filter"
  >
    <span>
      Select Location
    </span>
    <SelectLocationFilter
      disabled={false}
      onLocationChange={[Function]}
      userLocationId="d1865325-11e6-4e39-817b-e676c1affecf"
    >
      <Component
        classNamePrefix="logface-filters"
        closeMenuOnSelect={true}
        components={
          Object {
            "Menu": [Function],
          }
        }
        disabled={false}
        isClearable={true}
        isSearchable={true}
        onChange={[Function]}
        onInputChange={[Function]}
        options={Array []}
        placeholder="Select location"
      >
        <select
          data-testid="select"
          onChange={[Function]}
        />
      </Component>
    </SelectLocationFilter>
  </div>,
  <div
    className="logface-page-filter"
  >
    <span>
      Type
    </span>
    <Component
      classNamePrefix="logface-filters"
      id="sms-type-filter"
      isClearable={true}
      onChange={[Function]}
      options={
        Array [
          Object {
            "label": "Response Report",
            "value": "Response Report",
          },
          Object {
            "label": "Red Alert Report",
            "value": "Red Alert Report",
          },
          Object {
            "label": "Social Determinants",
            "value": "Social Determinants",
          },
          Object {
            "label": "ANC Visit",
            "value": "ANC Visit",
          },
          Object {
            "label": "Delivery Planning",
            "value": "Delivery Planning",
          },
          Object {
            "label": "Pregnancy Detection",
            "value": "Pregnancy Detection",
          },
          Object {
            "label": "Pregnancy Identification",
            "value": "Pregnancy Identification",
          },
          Object {
            "label": "Pregnancy Registration",
            "value": "Pregnancy Registration",
          },
          Object {
            "label": "ANC Report",
            "value": "ANC Report",
          },
          Object {
            "label": "Home Visit Report",
            "value": "Home Visit Report",
          },
          Object {
            "label": "Birth Report",
            "value": "Birth Report",
          },
          Object {
            "label": "Death Report",
            "value": "Death Report",
          },
          Object {
            "label": "Postnatal and Newborn Care",
            "value": "Postnatal and Newborn Care",
          },
          Object {
            "label": "Nutrition Registration",
            "value": "Nutrition Registration",
          },
          Object {
            "label": "Nutrition Report",
            "value": "Nutrition Report",
          },
          Object {
            "label": "Monthly Nutrition Report",
            "value": "Monthly Nutrition Report",
          },
          Object {
            "label": "Departure Code",
            "value": "Departure Code",
          },
          Object {
            "label": "Refusal Report",
            "value": "Refusal Report",
          },
          Object {
            "label": "Account Check",
            "value": "Account Check",
          },
        ]
      }
      placeholder="Select type"
    >
      <select
        data-testid="select"
        onChange={[Function]}
      >
        <option
          key="Response Report"
          value="Response Report"
        >
          Response Report
        </option>
        <option
          key="Red Alert Report"
          value="Red Alert Report"
        >
          Red Alert Report
        </option>
        <option
          key="Social Determinants"
          value="Social Determinants"
        >
          Social Determinants
        </option>
        <option
          key="ANC Visit"
          value="ANC Visit"
        >
          ANC Visit
        </option>
        <option
          key="Delivery Planning"
          value="Delivery Planning"
        >
          Delivery Planning
        </option>
        <option
          key="Pregnancy Detection"
          value="Pregnancy Detection"
        >
          Pregnancy Detection
        </option>
        <option
          key="Pregnancy Identification"
          value="Pregnancy Identification"
        >
          Pregnancy Identification
        </option>
        <option
          key="Pregnancy Registration"
          value="Pregnancy Registration"
        >
          Pregnancy Registration
        </option>
        <option
          key="ANC Report"
          value="ANC Report"
        >
          ANC Report
        </option>
        <option
          key="Home Visit Report"
          value="Home Visit Report"
        >
          Home Visit Report
        </option>
        <option
          key="Birth Report"
          value="Birth Report"
        >
          Birth Report
        </option>
        <option
          key="Death Report"
          value="Death Report"
        >
          Death Report
        </option>
        <option
          key="Postnatal and Newborn Care"
          value="Postnatal and Newborn Care"
        >
          Postnatal and Newborn Care
        </option>
        <option
          key="Nutrition Registration"
          value="Nutrition Registration"
        >
          Nutrition Registration
        </option>
        <option
          key="Nutrition Report"
          value="Nutrition Report"
        >
          Nutrition Report
        </option>
        <option
          key="Monthly Nutrition Report"
          value="Monthly Nutrition Report"
        >
          Monthly Nutrition Report
        </option>
        <option
          key="Departure Code"
          value="Departure Code"
        >
          Departure Code
        </option>
        <option
          key="Refusal Report"
          value="Refusal Report"
        >
          Refusal Report
        </option>
        <option
          key="Account Check"
          value="Account Check"
        >
          Account Check
        </option>
      </select>
    </Component>
  </div>,
]
`;

exports[`containers/LogFace renders correctly: logface title 1`] = `
<h2
  id="logface_title"
>
  Log Face - Pregnancy
</h2>
`;

exports[`containers/LogFace renders correctly: paginator 1`] = `
<div
  className="paginator"
>
  <Paginator
    ariaLabel="page navigation"
    endLabel="last"
    nextLabel="next"
    onPageChange={[Function]}
    pageLimit={5}
    pageNeighbours={3}
    previousLabel="previous"
    startLabel="first"
    totalRecords={22}
  >
    <BasePaginator
      ariaLabel="page navigation"
      currentPage={1}
      endLabel="last"
      nextLabel="next"
      onPageChange={[Function]}
      pageChangeHandler={[Function]}
      pageLimit={5}
      pageNeighbours={3}
      previousLabel="previous"
      startLabel="first"
      totalRecords={22}
    >
      <Pagination
        aria-label="page navigation"
        listTag="ul"
        size="sm"
        tag="nav"
      >
        <nav
          aria-label="page navigation"
          className=""
        >
          <ul
            className="pagination pagination-sm"
          >
            <PaginationItem
              className="page-item disabled"
              tag="li"
            >
              <li
                className="page-item disabled page-item"
              >
                <PaginationLink
                  aria-label="first"
                  className="page-link"
                  href="#"
                  onClick={[Function]}
                  tag="a"
                >
                  <a
                    aria-label="first"
                    className="page-link page-link"
                    href="#"
                    onClick={[Function]}
                  >
                    <span
                      aria-hidden="true"
                    >
                      first
                    </span>
                    <span
                      className="sr-only"
                    >
                      first
                    </span>
                  </a>
                </PaginationLink>
              </li>
            </PaginationItem>
            <PaginationItem
              className="page-item disabled"
              tag="li"
            >
              <li
                className="page-item disabled page-item"
              >
                <PaginationLink
                  aria-label="previous"
                  className="page-link"
                  href="#"
                  onClick={[Function]}
                  tag="a"
                >
                  <a
                    aria-label="previous"
                    className="page-link page-link"
                    href="#"
                    onClick={[Function]}
                  >
                    <span
                      aria-hidden="true"
                    >
                      previous
                    </span>
                    <span
                      className="sr-only"
                    >
                      previous
                    </span>
                  </a>
                </PaginationLink>
              </li>
            </PaginationItem>
            <PaginationItem
              className="page-item  active"
              key="0"
              tag="li"
            >
              <li
                className="page-item  active page-item"
              >
                <PaginationLink
                  className="page-link"
                  href="#"
                  onClick={[Function]}
                  tag="a"
                >
                  <a
                    className="page-link page-link"
                    href="#"
                    onClick={[Function]}
                  >
                    1
                  </a>
                </PaginationLink>
              </li>
            </PaginationItem>
            <PaginationItem
              className="page-item "
              key="1"
              tag="li"
            >
              <li
                className="page-item  page-item"
              >
                <PaginationLink
                  className="page-link"
                  href="#"
                  onClick={[Function]}
                  tag="a"
                >
                  <a
                    className="page-link page-link"
                    href="#"
                    onClick={[Function]}
                  >
                    2
                  </a>
                </PaginationLink>
              </li>
            </PaginationItem>
            <PaginationItem
              className="page-item "
              key="2"
              tag="li"
            >
              <li
                className="page-item  page-item"
              >
                <PaginationLink
                  className="page-link"
                  href="#"
                  onClick={[Function]}
                  tag="a"
                >
                  <a
                    className="page-link page-link"
                    href="#"
                    onClick={[Function]}
                  >
                    3
                  </a>
                </PaginationLink>
              </li>
            </PaginationItem>
            <PaginationItem
              className="page-item "
              key="3"
              tag="li"
            >
              <li
                className="page-item  page-item"
              >
                <PaginationLink
                  className="page-link"
                  href="#"
                  onClick={[Function]}
                  tag="a"
                >
                  <a
                    className="page-link page-link"
                    href="#"
                    onClick={[Function]}
                  >
                    4
                  </a>
                </PaginationLink>
              </li>
            </PaginationItem>
            <PaginationItem
              className="page-item  "
              tag="li"
            >
              <li
                className="page-item   page-item"
              >
                <PaginationLink
                  aria-label="next"
                  className="page-link"
                  href="#"
                  onClick={[Function]}
                  tag="a"
                >
                  <a
                    aria-label="next"
                    className="page-link page-link"
                    href="#"
                    onClick={[Function]}
                  >
                    <span
                      aria-hidden="true"
                    >
                      next
                    </span>
                    <span
                      className="sr-only"
                    >
                      next
                    </span>
                  </a>
                </PaginationLink>
              </li>
            </PaginationItem>
            <PaginationItem
              className="page-item "
              tag="li"
            >
              <li
                className="page-item  page-item"
              >
                <PaginationLink
                  aria-label="last"
                  className="page-link "
                  href="#"
                  onClick={[Function]}
                  tag="a"
                >
                  <a
                    aria-label="last"
                    className="page-link  page-link"
                    href="#"
                    onClick={[Function]}
                  >
                    <span
                      aria-hidden="true"
                    >
                      last
                    </span>
                    <span
                      className="sr-only"
                    >
                      last
                    </span>
                  </a>
                </PaginationLink>
              </li>
            </PaginationItem>
          </ul>
        </nav>
      </Pagination>
    </BasePaginator>
  </Paginator>
</div>
`;

exports[`containers/LogFace renders correctly: search div 1`] = `
<input
  className="form-control logface-search"
  id="search"
  name="input"
  onChange={[Function]}
  placeholder="Search ID, Reporter, Patients"
  type="text"
/>
`;

exports[`containers/LogFace renders correctly: table snapshot 1`] = `
<table
  className="table table-borderless table-striped"
>
  <thead
    id="header"
  >
    <tr>
      <th
        className="default-width"
      >
        Event Date
      </th>
      <th
        className="default-width"
      >
        Location
      </th>
      <th
        className="default-width"
      >
        SMS Type
      </th>
      <th
        className="default-width"
      >
        Reporter
      </th>
      <th
        className="default-width"
      >
        Patient
      </th>
      <th
        className="small-width"
      >
        Age
      </th>
      <th
        className="large-width"
      >
        Message
      </th>
      <th
        className="default-width"
      >
        Risk Level
      </th>
    </tr>
  </thead>
  <tbody
    id="body"
  >
    <tr
      key="1570173602178"
    >
      <td
        className="default-width"
      >
        04/10/2019
      </td>
      <td
        className="default-width"
      >
        Yen Phu Village
      </td>
      <td
        className="default-width"
      >
        Response Report
      </td>
      <td
        className="default-width"
      >
        Husna Hariz
      </td>
      <td
        className="default-width"
      >
        <Link
          to="/pregnancy_log_face/child_patient_detail/100P9K-20191001-01"
        >
          <LinkAnchor
            href="/pregnancy_log_face/child_patient_detail/100P9K-20191001-01"
            navigate={[Function]}
          >
            <a
              href="/pregnancy_log_face/child_patient_detail/100P9K-20191001-01"
              onClick={[Function]}
            >
              100P9K-20191001-01
            </a>
          </LinkAnchor>
        </Link>
      </td>
      <td
        className="small-width"
      >
        3 days
      </td>
      <td
        className="large-width"
      >
        <ul>
          <li
            key="Symptoms : No symptoms-0"
          >
            Symptoms : No symptoms
          </li>
          <li
            key="Intervention : Ambulance On Time-1"
          >
            Intervention : Ambulance On Time
          </li>
          <li
            key="Health Status : -2"
          >
            Health Status : 
          </li>
        </ul>
      </td>
      <td
        className="default-width"
      >
        <Link
          to="/pregnancy_log_face/child_patient_detail/100P9K-20191001-01"
        >
          <LinkAnchor
            href="/pregnancy_log_face/child_patient_detail/100P9K-20191001-01"
            navigate={[Function]}
          >
            <a
              href="/pregnancy_log_face/child_patient_detail/100P9K-20191001-01"
              onClick={[Function]}
            >
              <RiskColoring
                risk="no_risk"
              >
                <span
                  className="badge"
                  style={
                    Object {
                      "backgroundColor": "#28a745",
                    }
                  }
                >
                  <div>
                    <p>
                      No risk
                    </p>
                  </div>
                </span>
              </RiskColoring>
            </a>
          </LinkAnchor>
        </Link>
      </td>
    </tr>
    <tr
      key="1570173399115"
    >
      <td
        className="default-width"
      >
        04/10/2019
      </td>
      <td
        className="default-width"
      >
        Yen Phu Village
      </td>
      <td
        className="default-width"
      >
        Red Alert Report
      </td>
      <td
        className="default-width"
      >
        Husna Hariz
      </td>
      <td
        className="default-width"
      >
        <Link
          to="/pregnancy_log_face/child_patient_detail/100P9K-20191001-01"
        >
          <LinkAnchor
            href="/pregnancy_log_face/child_patient_detail/100P9K-20191001-01"
            navigate={[Function]}
          >
            <a
              href="/pregnancy_log_face/child_patient_detail/100P9K-20191001-01"
              onClick={[Function]}
            >
              100P9K-20191001-01
            </a>
          </LinkAnchor>
        </Link>
      </td>
      <td
        className="small-width"
      >
        3 days
      </td>
      <td
        className="large-width"
      >
        <ul>
          <li
            key="Symptoms : Coughing, Fever-0"
          >
            Symptoms : Coughing, Fever
          </li>
          <li
            key="Location : At home-1"
          >
            Location : At home
          </li>
          <li
            key="Interventions : -2"
          >
            Interventions : 
          </li>
        </ul>
      </td>
      <td
        className="default-width"
      >
        <Link
          to="/pregnancy_log_face/child_patient_detail/100P9K-20191001-01"
        >
          <LinkAnchor
            href="/pregnancy_log_face/child_patient_detail/100P9K-20191001-01"
            navigate={[Function]}
          >
            <a
              href="/pregnancy_log_face/child_patient_detail/100P9K-20191001-01"
              onClick={[Function]}
            >
              <RiskColoring
                risk="red_alert"
              >
                <span
                  className="badge"
                  style={
                    Object {
                      "backgroundColor": "#dc3545",
                    }
                  }
                >
                  <div>
                    <p>
                      Red alert
                    </p>
                  </div>
                </span>
              </RiskColoring>
            </a>
          </LinkAnchor>
        </Link>
      </td>
    </tr>
    <tr
      key="1570171129630"
    >
      <td
        className="default-width"
      >
        04/10/2019
      </td>
      <td
        className="default-width"
      >
        Yen Phu Village
      </td>
      <td
        className="default-width"
      >
        Pregnancy Registration
      </td>
      <td
        className="default-width"
      >
        HMN
      </td>
      <td
        className="default-width"
      >
        <Link
          to="/pregnancy_log_face/patient_detail/100PAH"
        >
          <LinkAnchor
            href="/pregnancy_log_face/patient_detail/100PAH"
            navigate={[Function]}
          >
            <a
              href="/pregnancy_log_face/patient_detail/100PAH"
              onClick={[Function]}
            >
              100PAH
            </a>
          </LinkAnchor>
        </Link>
      </td>
      <td
        className="small-width"
      >
        30 years
      </td>
      <td
        className="large-width"
      >
        <ul>
          <li
            key="EDD : 09/10/2019-0"
          >
            EDD : 09/10/2019
          </li>
          <li
            key="Gravidity : 3-1"
          >
            Gravidity : 3
          </li>
          <li
            key="Parity : 1-2"
          >
            Parity : 1
          </li>
          <li
            key="Weight : 55kg-3"
          >
            Weight : 55kg
          </li>
          <li
            key="Height : 145cm-4"
          >
            Height : 145cm
          </li>
          <li
            key="BMI : 26-5"
          >
            BMI : 26
          </li>
          <li
            key="Previous Gynaecology History : Previous pregnancy too close or too far, Home Delivery-6"
          >
            Previous Gynaecology History : Previous pregnancy too close or too far, Home Delivery
          </li>
          <li
            key="Current Symptoms : Heavy sweating, Coughing-7"
          >
            Current Symptoms : Heavy sweating, Coughing
          </li>
        </ul>
      </td>
      <td
        className="default-width"
      >
        <Link
          to="/pregnancy_log_face/patient_detail/100PAH"
        >
          <LinkAnchor
            href="/pregnancy_log_face/patient_detail/100PAH"
            navigate={[Function]}
          >
            <a
              href="/pregnancy_log_face/patient_detail/100PAH"
              onClick={[Function]}
            >
              <RiskColoring
                risk="red_alert"
              >
                <span
                  className="badge"
                  style={
                    Object {
                      "backgroundColor": "#dc3545",
                    }
                  }
                >
                  <div>
                    <p>
                      Red alert
                    </p>
                  </div>
                </span>
              </RiskColoring>
            </a>
          </LinkAnchor>
        </Link>
      </td>
    </tr>
    <tr
      key="1570170995321"
    >
      <td
        className="default-width"
      >
        04/10/2019
      </td>
      <td
        className="default-width"
      >
        Yen Phu Village
      </td>
      <td
        className="default-width"
      >
        Pregnancy Detection
      </td>
      <td
        className="default-width"
      >
        HMN
      </td>
      <td
        className="default-width"
      >
        <Link
          to="/pregnancy_log_face/patient_detail/100PAH"
        >
          <LinkAnchor
            href="/pregnancy_log_face/patient_detail/100PAH"
            navigate={[Function]}
          >
            <a
              href="/pregnancy_log_face/patient_detail/100PAH"
              onClick={[Function]}
            >
              100PAH
            </a>
          </LinkAnchor>
        </Link>
      </td>
      <td
        className="small-width"
      >
        30 years
      </td>
      <td
        className="large-width"
      >
        <ul>
          <li
            key="Name : Joy Loiuse-0"
          >
            Name : Joy Loiuse
          </li>
          <li
            key="Phone Number : +84983105510-1"
          >
            Phone Number : +84983105510
          </li>
          <li
            key="Health Insurance : NA-2"
          >
            Health Insurance : NA
          </li>
        </ul>
      </td>
      <td
        className="default-width"
      >
        <Link
          to="/pregnancy_log_face/patient_detail/100PAH"
        >
          <LinkAnchor
            href="/pregnancy_log_face/patient_detail/100PAH"
            navigate={[Function]}
          >
            <a
              href="/pregnancy_log_face/patient_detail/100PAH"
              onClick={[Function]}
            >
              <RiskColoring
                risk=" NULL"
              >
                <span
                  className="badge"
                  style={
                    Object {
                      "backgroundColor": "#6c757d",
                    }
                  }
                >
                  <div>
                    <p>
                      Not set
                    </p>
                  </div>
                </span>
              </RiskColoring>
            </a>
          </LinkAnchor>
        </Link>
      </td>
    </tr>
    <tr
      key="1570089812157"
    >
      <td
        className="default-width"
      >
        03/10/2019
      </td>
      <td
        className="default-width"
      >
        Yen Phu Village
      </td>
      <td
        className="default-width"
      >
        Red Alert Report
      </td>
      <td
        className="default-width"
      >
        Husna Hariz
      </td>
      <td
        className="default-width"
      >
        <Link
          to="/pregnancy_log_face/child_patient_detail/100P9K-20191001-01"
        >
          <LinkAnchor
            href="/pregnancy_log_face/child_patient_detail/100P9K-20191001-01"
            navigate={[Function]}
          >
            <a
              href="/pregnancy_log_face/child_patient_detail/100P9K-20191001-01"
              onClick={[Function]}
            >
              100P9K-20191001-01
            </a>
          </LinkAnchor>
        </Link>
      </td>
      <td
        className="small-width"
      >
        0 days
      </td>
      <td
        className="large-width"
      >
        <ul>
          <li
            key="Symptoms : Coughing, Fever-0"
          >
            Symptoms : Coughing, Fever
          </li>
          <li
            key="Location : At home-1"
          >
            Location : At home
          </li>
          <li
            key="Interventions : -2"
          >
            Interventions : 
          </li>
        </ul>
      </td>
      <td
        className="default-width"
      >
        <Link
          to="/pregnancy_log_face/child_patient_detail/100P9K-20191001-01"
        >
          <LinkAnchor
            href="/pregnancy_log_face/child_patient_detail/100P9K-20191001-01"
            navigate={[Function]}
          >
            <a
              href="/pregnancy_log_face/child_patient_detail/100P9K-20191001-01"
              onClick={[Function]}
            >
              <RiskColoring
                risk="red_alert"
              >
                <span
                  className="badge"
                  style={
                    Object {
                      "backgroundColor": "#dc3545",
                    }
                  }
                >
                  <div>
                    <p>
                      Red alert
                    </p>
                  </div>
                </span>
              </RiskColoring>
            </a>
          </LinkAnchor>
        </Link>
      </td>
    </tr>
  </tbody>
</table>
`;
