// Jest Snapshot v1, https://goo.gl/fbAQLP

exports[`components/VillageData must render correctly with data: VillageData with data 1`] = `
Array [
  <tr>
    <th
      className="default-width"
    >
      Patient ID
    </th>
    <th
      className="default-width"
    >
      Age
    </th>
    <th
      className="default-width"
    >
      Location Of Residence
    </th>
    <th
      className="default-width"
    >
      Current Symptoms
    </th>
    <th
      className="default-width"
    >
      Previous Risks / Existing Medical Conditions
    </th>
    <th
      className="default-width"
    >
      EDD
    </th>
    <th
      className="default-width"
    >
      Planned Delivery Location
    </th>
    <th
      className="default-width"
    >
      Risk category
    </th>
  </tr>,
  <tr
    key="1573742641805"
  >
    <td
      className="default-width"
    >
      <Link
        to="/pregnancy_compartments/patient_detail/100RMT"
      >
        <LinkAnchor
          href="/pregnancy_compartments/patient_detail/100RMT"
          navigate={[Function]}
        >
          <a
            href="/pregnancy_compartments/patient_detail/100RMT"
            onClick={[Function]}
          >
            100RMT
          </a>
        </LinkAnchor>
      </Link>
    </td>
    <td
      className="default-width"
    >
      30y 
    </td>
    <td
      className="default-width"
    >
       NULL
    </td>
    <td
      className="default-width"
    >
      No symptoms, No symptoms
    </td>
    <td
      className="default-width"
    >
      No Previous Risks / No preexisting conditions, No Previous Risks / No preexisting conditions
    </td>
    <td
      className="default-width"
    >
      2019-12-05
    </td>
    <td
      className="default-width"
    >
       NULL
    </td>
    <td
      className="default-width"
    >
      <RiskColoring
        risk="low"
      >
        <span
          className="badge badge-warning"
          id="default-width"
        >
          <div>
            <p>
              Low Risk
            </p>
          </div>
        </span>
      </RiskColoring>
    </td>
  </tr>,
  <tr
    key="1573804946554"
  >
    <td
      className="default-width"
    >
      <Link
        to="/pregnancy_compartments/patient_detail/100RRK"
      >
        <LinkAnchor
          href="/pregnancy_compartments/patient_detail/100RRK"
          navigate={[Function]}
        >
          <a
            href="/pregnancy_compartments/patient_detail/100RRK"
            onClick={[Function]}
          >
            100RRK
          </a>
        </LinkAnchor>
      </Link>
    </td>
    <td
      className="default-width"
    >
      4y  3m
    </td>
    <td
      className="default-width"
    >
       NULL
    </td>
    <td
      className="default-width"
    >
       NULL
    </td>
    <td
      className="default-width"
    >
       NULL
    </td>
    <td
      className="default-width"
    >
      0
    </td>
    <td
      className="default-width"
    >
       NULL
    </td>
    <td
      className="default-width"
    >
      <RiskColoring
        risk="Not Set"
      >
        <span
          className="badge badge-info"
          id="default-width"
        >
          <div>
            <p>
              Not Set
            </p>
          </div>
        </span>
      </RiskColoring>
    </td>
  </tr>,
  <tr
    key="1574495206930"
  >
    <td
      className="default-width"
    >
      <Link
        to="/pregnancy_compartments/patient_detail/100RH2-20190601-03"
      >
        <LinkAnchor
          href="/pregnancy_compartments/patient_detail/100RH2-20190601-03"
          navigate={[Function]}
        >
          <a
            href="/pregnancy_compartments/patient_detail/100RH2-20190601-03"
            onClick={[Function]}
          >
            100RH2-20190601-03
          </a>
        </LinkAnchor>
      </Link>
    </td>
    <td
      className="default-width"
    >
      6m 13d
    </td>
    <td
      className="default-width"
    >
       NULL
    </td>
    <td
      className="default-width"
    >
       NULL
    </td>
    <td
      className="default-width"
    >
       NULL
    </td>
    <td
      className="default-width"
    >
      0
    </td>
    <td
      className="default-width"
    >
       NULL
    </td>
    <td
      className="default-width"
    >
      <RiskColoring
        risk="red"
      >
        <span
          className="badge badge-danger"
          id="default-width"
        >
          <div>
            <p>
              Red Alert
            </p>
          </div>
        </span>
      </RiskColoring>
    </td>
  </tr>,
  <tr
    key="1583224723234"
  >
    <td
      className="default-width"
    >
      <Link
        to="/pregnancy_compartments/patient_detail/1002LJ"
      >
        <LinkAnchor
          href="/pregnancy_compartments/patient_detail/1002LJ"
          navigate={[Function]}
        >
          <a
            href="/pregnancy_compartments/patient_detail/1002LJ"
            onClick={[Function]}
          >
            1002LJ
          </a>
        </LinkAnchor>
      </Link>
    </td>
    <td
      className="default-width"
    >
      31y 
    </td>
    <td
      className="default-width"
    >
       NULL
    </td>
    <td
      className="default-width"
    >
      Coughing
    </td>
    <td
      className="default-width"
    >
      Home Delivery, Previous convulsion
    </td>
    <td
      className="default-width"
    >
      2020-06-28
    </td>
    <td
      className="default-width"
    >
       NULL
    </td>
    <td
      className="default-width"
    >
      <RiskColoring
        risk="high"
      >
        <span
          className="badge badge-danger"
          id="default-width"
        >
          <div>
            <p>
              High Risk
            </p>
          </div>
        </span>
      </RiskColoring>
    </td>
  </tr>,
  <tr
    key="1573740273076"
  >
    <td
      className="default-width"
    >
      <Link
        to="/pregnancy_compartments/patient_detail/100RH2"
      >
        <LinkAnchor
          href="/pregnancy_compartments/patient_detail/100RH2"
          navigate={[Function]}
        >
          <a
            href="/pregnancy_compartments/patient_detail/100RH2"
            onClick={[Function]}
          >
            100RH2
          </a>
        </LinkAnchor>
      </Link>
    </td>
    <td
      className="default-width"
    >
      34y 
    </td>
    <td
      className="default-width"
    >
       NULL
    </td>
    <td
      className="default-width"
    >
       NULL
    </td>
    <td
      className="default-width"
    >
       NULL
    </td>
    <td
      className="default-width"
    >
      0
    </td>
    <td
      className="default-width"
    >
       NULL
    </td>
    <td
      className="default-width"
    >
      <RiskColoring
        risk=""
      >
        <span
          className="badge badge-info"
          id="default-width"
        />
      </RiskColoring>
    </td>
  </tr>,
]
`;

exports[`components/VillageData pagination works correctly: first Page 1`] = `"100RMT30y  NULLLow Risk"`;

exports[`components/VillageData pagination works correctly: first Page 2`] = `"100RRK4y  3m NULLNot Set"`;

exports[`components/VillageData pagination works correctly: first Page 3`] = `"100RH2-20190601-036m 13d NULLRed Alert"`;

exports[`components/VillageData pagination works correctly: first Page 4`] = `"1002LJ31y  NULLHigh Risk"`;

exports[`components/VillageData pagination works correctly: first Page 5`] = `"100RH234y  NULL"`;

exports[`components/VillageData pagination works correctly: paginationItem for page 2 1`] = `
<PaginationLink
  className="page-link"
  href="#"
  onClick={[Function]}
  tag="a"
>
  <a
    className="page-link page-link"
    href="#"
    onClick={[Function]}
  >
    3
  </a>
</PaginationLink>
`;

exports[`components/VillageData pagination works correctly: second Page 1`] = `"100RMT30y  NULLLow Risk"`;

exports[`components/VillageData pagination works correctly: second Page 2`] = `"100RH234y  NULL"`;

exports[`components/VillageData pagination works correctly: second Page 3`] = `"100RJ032y  NULLNo Risk"`;

exports[`components/VillageData pagination works correctly: second Page 4`] = `"100RKX32y  NULLLow Risk"`;

exports[`components/VillageData pagination works correctly: second Page 5`] = `"100RH234y  NULL"`;

exports[`components/VillageData works correctly for NBC_AND_PNC_CHILD: NBC_AND_PNC_CHILD page 1`] = `"Patient IDDays since birthLocation of ResidenceCurrent symptomsLocation of birthRisk category"`;

exports[`components/VillageData works correctly for NBC_AND_PNC_CHILD: NBC_AND_PNC_CHILD page 2`] = `"100RMT18729 NULL NULL NULLLow Risk"`;

exports[`components/VillageData works correctly for NBC_AND_PNC_CHILD: NBC_AND_PNC_CHILD page 3`] = `"100RRK18729 NULL NULL NULLNot Set"`;

exports[`components/VillageData works correctly for NBC_AND_PNC_CHILD: NBC_AND_PNC_CHILD page 4`] = `"100RH2-20190601-03681 NULL NULL NULLRed Alert"`;

exports[`components/VillageData works correctly for NBC_AND_PNC_CHILD: NBC_AND_PNC_CHILD page 5`] = `"1002LJ11788 NULL NULL NULLHigh Risk"`;

exports[`components/VillageData works correctly for NBC_AND_PNC_CHILD: NBC_AND_PNC_CHILD page 6`] = `"100RH218729 NULL NULL NULL"`;

exports[`components/VillageData works correctly for NBC_AND_PNC_WOMAN: nBC and PNC woman Page 1`] = `"Patient IDAgeLocation of ResidenceCurrent symptomsPrevious Risks / Existing Medical ConditionsLocation of birthRisk category"`;

exports[`components/VillageData works correctly for NBC_AND_PNC_WOMAN: nBC and PNC woman Page 2`] = `"100RMT30y  NULLNo symptoms, No symptomsNo Previous Risks / No preexisting conditions, No Previous Risks / No preexisting conditions NULLLow Risk"`;

exports[`components/VillageData works correctly for NBC_AND_PNC_WOMAN: nBC and PNC woman Page 3`] = `"100RRK4y  3m NULL NULL NULL NULLNot Set"`;

exports[`components/VillageData works correctly for NBC_AND_PNC_WOMAN: nBC and PNC woman Page 4`] = `"100RH2-20190601-036m 13d NULL NULL NULL NULLRed Alert"`;

exports[`components/VillageData works correctly for NBC_AND_PNC_WOMAN: nBC and PNC woman Page 5`] = `"1002LJ31y  NULLCoughingHome Delivery, Previous convulsion NULLHigh Risk"`;

exports[`components/VillageData works correctly for NBC_AND_PNC_WOMAN: nBC and PNC woman Page 6`] = `"100RH234y  NULL NULL NULL NULL"`;

exports[`components/VillageData works correctly for NUTRITION: Nutrition Page 1`] = `"Patient IDAgeLocation of ResidenceRisk category"`;

exports[`components/VillageData works correctly for NUTRITION: Nutrition Page 2`] = `"100RMT30y  NULLLow Risk"`;

exports[`components/VillageData works correctly for NUTRITION: Nutrition Page 3`] = `"100RRK4y  3m NULLNot Set"`;

exports[`components/VillageData works correctly for NUTRITION: Nutrition Page 4`] = `"100RH2-20190601-036m 13d NULLRed Alert"`;

exports[`components/VillageData works correctly for NUTRITION: Nutrition Page 5`] = `"1002LJ31y  NULLHigh Risk"`;

exports[`components/VillageData works correctly for NUTRITION: Nutrition Page 6`] = `"100RH234y  NULL"`;

exports[`components/VillageData works correctly for PREGNANCY: Pregnancy Page 1`] = `"Patient IDAgeLocation Of ResidenceCurrent SymptomsPrevious Risks / Existing Medical ConditionsEDDPlanned Delivery LocationRisk category"`;

exports[`components/VillageData works correctly for PREGNANCY: Pregnancy Page 2`] = `"100RMT30y  NULLNo symptoms, No symptomsNo Previous Risks / No preexisting conditions, No Previous Risks / No preexisting conditions2019-12-05 NULLLow Risk"`;

exports[`components/VillageData works correctly for PREGNANCY: Pregnancy Page 3`] = `"100RRK4y  3m NULL NULL NULL0 NULLNot Set"`;

exports[`components/VillageData works correctly for PREGNANCY: Pregnancy Page 4`] = `"100RH2-20190601-036m 13d NULL NULL NULL0 NULLRed Alert"`;

exports[`components/VillageData works correctly for PREGNANCY: Pregnancy Page 5`] = `"1002LJ31y  NULLCoughingHome Delivery, Previous convulsion2020-06-28 NULLHigh Risk"`;

exports[`components/VillageData works correctly for PREGNANCY: Pregnancy Page 6`] = `"100RH234y  NULL NULL NULL0 NULL"`;
