// Jest Snapshot v1, https://goo.gl/fbAQLP

exports[`components/VillageData must render correctly with data: VillageData with data 1`] = `
Array [
  <tr>
    <th
      className="default-width"
    >
      Patient ID
    </th>
    <th
      className="default-width"
    >
      Age
    </th>
    <th
      className="default-width"
    >
      Location Of Residence
    </th>
    <th
      className="default-width"
    >
      Current Symptoms
    </th>
    <th
      className="default-width"
    >
      Previous Risks / Existing Medical Conditions
    </th>
    <th
      className="default-width"
    >
      EDD
    </th>
    <th
      className="default-width"
    >
      Planned Delivery Location
    </th>
    <th
      className="default-width"
    >
      Risk Category
    </th>
  </tr>,
  <tr
    key="1573742641805"
  >
    <td
      className="default-width"
    >
      <Link
        to="/pregnancy_compartments/patient_detail/100RMT"
      >
        <LinkAnchor
          href="/pregnancy_compartments/patient_detail/100RMT"
          navigate={[Function]}
        >
          <a
            href="/pregnancy_compartments/patient_detail/100RMT"
            onClick={[Function]}
          >
            100RMT
          </a>
        </LinkAnchor>
      </Link>
    </td>
    <td
      className="default-width"
    >
      30y 
    </td>
    <td
      className="default-width"
    >
       NULL
    </td>
    <td
      className="default-width"
    >
      No symptoms, No symptoms
    </td>
    <td
      className="default-width"
    >
      No Previous Risks / No preexisting conditions, No Previous Risks / No preexisting conditions
    </td>
    <td
      className="default-width"
    >
      2019-12-05
    </td>
    <td
      className="default-width"
    >
       NULL
    </td>
    <td
      className="default-width"
    >
      <RiskColoring
        displayValue=""
        risk="low"
      >
        <span
          className="badge"
          style={
            Object {
              "backgroundColor": "#ffc107",
            }
          }
        >
          <div>
            <p>
              low
            </p>
          </div>
        </span>
      </RiskColoring>
    </td>
  </tr>,
  <tr
    key="1573804946554"
  >
    <td
      className="default-width"
    >
      <Link
        to="/pregnancy_compartments/patient_detail/100RRK"
      >
        <LinkAnchor
          href="/pregnancy_compartments/patient_detail/100RRK"
          navigate={[Function]}
        >
          <a
            href="/pregnancy_compartments/patient_detail/100RRK"
            onClick={[Function]}
          >
            100RRK
          </a>
        </LinkAnchor>
      </Link>
    </td>
    <td
      className="default-width"
    >
      4y  3m
    </td>
    <td
      className="default-width"
    >
       NULL
    </td>
    <td
      className="default-width"
    >
       NULL
    </td>
    <td
      className="default-width"
    >
       NULL
    </td>
    <td
      className="default-width"
    >
      0
    </td>
    <td
      className="default-width"
    >
       NULL
    </td>
    <td
      className="default-width"
    >
      <RiskColoring
        displayValue=""
        risk="Not Set"
      >
        <span
          className="badge"
          style={
            Object {
              "backgroundColor": "#6c757d",
            }
          }
        >
          <div>
            <p>
              Not Set
            </p>
          </div>
        </span>
      </RiskColoring>
    </td>
  </tr>,
  <tr
    key="1574495206930"
  >
    <td
      className="default-width"
    >
      <Link
        to="/pregnancy_compartments/patient_detail/100RH2-20190601-03"
      >
        <LinkAnchor
          href="/pregnancy_compartments/patient_detail/100RH2-20190601-03"
          navigate={[Function]}
        >
          <a
            href="/pregnancy_compartments/patient_detail/100RH2-20190601-03"
            onClick={[Function]}
          >
            100RH2-20190601-03
          </a>
        </LinkAnchor>
      </Link>
    </td>
    <td
      className="default-width"
    >
      6m 13d
    </td>
    <td
      className="default-width"
    >
       NULL
    </td>
    <td
      className="default-width"
    >
       NULL
    </td>
    <td
      className="default-width"
    >
       NULL
    </td>
    <td
      className="default-width"
    >
      0
    </td>
    <td
      className="default-width"
    >
       NULL
    </td>
    <td
      className="default-width"
    >
      <RiskColoring
        displayValue=""
        risk="red"
      >
        <span
          className="badge"
          style={
            Object {
              "backgroundColor": "#6c757d",
            }
          }
        >
          <div>
            <p>
              red
            </p>
          </div>
        </span>
      </RiskColoring>
    </td>
  </tr>,
  <tr
    key="1583224723234"
  >
    <td
      className="default-width"
    >
      <Link
        to="/pregnancy_compartments/patient_detail/1002LJ"
      >
        <LinkAnchor
          href="/pregnancy_compartments/patient_detail/1002LJ"
          navigate={[Function]}
        >
          <a
            href="/pregnancy_compartments/patient_detail/1002LJ"
            onClick={[Function]}
          >
            1002LJ
          </a>
        </LinkAnchor>
      </Link>
    </td>
    <td
      className="default-width"
    >
      31y 
    </td>
    <td
      className="default-width"
    >
       NULL
    </td>
    <td
      className="default-width"
    >
      Coughing
    </td>
    <td
      className="default-width"
    >
      Home Delivery, Previous convulsion
    </td>
    <td
      className="default-width"
    >
      2020-06-28
    </td>
    <td
      className="default-width"
    >
       NULL
    </td>
    <td
      className="default-width"
    >
      <RiskColoring
        displayValue=""
        risk="high"
      >
        <span
          className="badge"
          style={
            Object {
              "backgroundColor": "#ffc107",
            }
          }
        >
          <div>
            <p>
              high
            </p>
          </div>
        </span>
      </RiskColoring>
    </td>
  </tr>,
  <tr
    key="1573740273076"
  >
    <td
      className="default-width"
    >
      <Link
        to="/pregnancy_compartments/patient_detail/100RH2"
      >
        <LinkAnchor
          href="/pregnancy_compartments/patient_detail/100RH2"
          navigate={[Function]}
        >
          <a
            href="/pregnancy_compartments/patient_detail/100RH2"
            onClick={[Function]}
          >
            100RH2
          </a>
        </LinkAnchor>
      </Link>
    </td>
    <td
      className="default-width"
    >
      34y 
    </td>
    <td
      className="default-width"
    >
       NULL
    </td>
    <td
      className="default-width"
    >
       NULL
    </td>
    <td
      className="default-width"
    >
       NULL
    </td>
    <td
      className="default-width"
    >
      0
    </td>
    <td
      className="default-width"
    >
       NULL
    </td>
    <td
      className="default-width"
    >
      <RiskColoring
        displayValue=""
        risk=""
      >
        <span
          className="badge"
          style={
            Object {
              "backgroundColor": "#6c757d",
            }
          }
        >
          <div>
            <p />
          </div>
        </span>
      </RiskColoring>
    </td>
  </tr>,
]
`;

exports[`components/VillageData pagination works correctly: first Page 1`] = `"100RMT30y  NULLlow"`;

exports[`components/VillageData pagination works correctly: first Page 2`] = `"100RRK4y  3m NULLNot Set"`;

exports[`components/VillageData pagination works correctly: first Page 3`] = `"100RH2-20190601-036m 13d NULLred"`;

exports[`components/VillageData pagination works correctly: first Page 4`] = `"1002LJ31y  NULLhigh"`;

exports[`components/VillageData pagination works correctly: first Page 5`] = `"100RH234y  NULL"`;

exports[`components/VillageData pagination works correctly: paginationItem for page 2 1`] = `
<li
  className="page-item"
>
  <a
    aria-current={null}
    aria-label="Page 3"
    className="page-link"
    onClick={[Function]}
    onKeyPress={[Function]}
    role="button"
    tabIndex="0"
  >
    3
  </a>
</li>
`;

exports[`components/VillageData pagination works correctly: second Page 1`] = `"100RMT30y  NULLlow"`;

exports[`components/VillageData pagination works correctly: second Page 2`] = `"100RRK4y  3m NULLNot Set"`;

exports[`components/VillageData pagination works correctly: second Page 3`] = `"100RH2-20190601-036m 13d NULLred"`;

exports[`components/VillageData pagination works correctly: second Page 4`] = `"1002LJ31y  NULLhigh"`;

exports[`components/VillageData pagination works correctly: second Page 5`] = `"100RH234y  NULL"`;

exports[`components/VillageData works correctly for NBC_AND_PNC_CHILD: NBC_AND_PNC_CHILD page 1`] = `"Patient IDDays Since BirthLocation Of ResidenceCurrent SymptomsLocation Of BirthRisk Category"`;

exports[`components/VillageData works correctly for NBC_AND_PNC_CHILD: NBC_AND_PNC_CHILD page 2`] = `"100RMT18729 NULL NULL NULLlow"`;

exports[`components/VillageData works correctly for NBC_AND_PNC_CHILD: NBC_AND_PNC_CHILD page 3`] = `"100RRK18729 NULL NULL NULLNot Set"`;

exports[`components/VillageData works correctly for NBC_AND_PNC_CHILD: NBC_AND_PNC_CHILD page 4`] = `"100RH2-20190601-03681 NULL NULL NULLred"`;

exports[`components/VillageData works correctly for NBC_AND_PNC_CHILD: NBC_AND_PNC_CHILD page 5`] = `"1002LJ11788 NULL NULL NULLhigh"`;

exports[`components/VillageData works correctly for NBC_AND_PNC_CHILD: NBC_AND_PNC_CHILD page 6`] = `"100RH218729 NULL NULL NULL"`;

exports[`components/VillageData works correctly for NBC_AND_PNC_WOMAN: nBC and PNC woman Page 1`] = `"Patient IDAgeLocation Of ResidenceCurrent SymptomsPrevious Risks / Existing Medical ConditionsLocation Of BirthRisk Category"`;

exports[`components/VillageData works correctly for NBC_AND_PNC_WOMAN: nBC and PNC woman Page 2`] = `"100RMT30y  NULLNo symptoms, No symptomsNo Previous Risks / No preexisting conditions, No Previous Risks / No preexisting conditions NULLlow"`;

exports[`components/VillageData works correctly for NBC_AND_PNC_WOMAN: nBC and PNC woman Page 3`] = `"100RRK4y  3m NULL NULL NULL NULLNot Set"`;

exports[`components/VillageData works correctly for NBC_AND_PNC_WOMAN: nBC and PNC woman Page 4`] = `"100RH2-20190601-036m 13d NULL NULL NULL NULLred"`;

exports[`components/VillageData works correctly for NBC_AND_PNC_WOMAN: nBC and PNC woman Page 5`] = `"1002LJ31y  NULLCoughingHome Delivery, Previous convulsion NULLhigh"`;

exports[`components/VillageData works correctly for NBC_AND_PNC_WOMAN: nBC and PNC woman Page 6`] = `"100RH234y  NULL NULL NULL NULL"`;

exports[`components/VillageData works correctly for NUTRITION: Nutrition Page 1`] = `"Patient IDAgeLocation Of ResidenceRisk Category"`;

exports[`components/VillageData works correctly for NUTRITION: Nutrition Page 2`] = `"100RMT30y  NULLlow"`;

exports[`components/VillageData works correctly for NUTRITION: Nutrition Page 3`] = `"100RRK4y  3m NULLNot Set"`;

exports[`components/VillageData works correctly for NUTRITION: Nutrition Page 4`] = `"100RH2-20190601-036m 13d NULLred"`;

exports[`components/VillageData works correctly for NUTRITION: Nutrition Page 5`] = `"1002LJ31y  NULLhigh"`;

exports[`components/VillageData works correctly for NUTRITION: Nutrition Page 6`] = `"100RH234y  NULL"`;

exports[`components/VillageData works correctly for PREGNANCY: Pregnancy Page 1`] = `"Patient IDAgeLocation Of ResidenceCurrent SymptomsPrevious Risks / Existing Medical ConditionsEDDPlanned Delivery LocationRisk Category"`;

exports[`components/VillageData works correctly for PREGNANCY: Pregnancy Page 2`] = `"100RMT30y  NULLNo symptoms, No symptomsNo Previous Risks / No preexisting conditions, No Previous Risks / No preexisting conditions2019-12-05 NULLlow"`;

exports[`components/VillageData works correctly for PREGNANCY: Pregnancy Page 3`] = `"100RRK4y  3m NULL NULL NULL0 NULLNot Set"`;

exports[`components/VillageData works correctly for PREGNANCY: Pregnancy Page 4`] = `"100RH2-20190601-036m 13d NULL NULL NULL0 NULLred"`;

exports[`components/VillageData works correctly for PREGNANCY: Pregnancy Page 5`] = `"1002LJ31y  NULLCoughingHome Delivery, Previous convulsion2020-06-28 NULLhigh"`;

exports[`components/VillageData works correctly for PREGNANCY: Pregnancy Page 6`] = `"100RH234y  NULL NULL NULL0 NULL"`;
