// Jest Snapshot v1, https://goo.gl/fbAQLP

exports[`components/VillageData must render correctly with data: VillageData with data 1`] = `"101CN224 Years 04 Months 18 DaysThôn Kon Hia 1CoughingPrevious Miscarriage/ Stillborn / Pregnancy termination2021-10-01Not at home/facilities, ENROUTERisk"`;

exports[`components/VillageData must render correctly with data: VillageData with data 2`] = `"101C8Y33 Years 04 Months 18 DaysThôn Kon Hia 1CoughingPrevious C-section2021-06-17At homeRisk"`;

exports[`components/VillageData must render correctly with data: VillageData with data 3`] = `"101C8Y33 Years 04 Months 18 DaysThôn Kon Hia 1CoughingPrevious C-section2021-06-17At homeRisk"`;

exports[`components/VillageData must render correctly with data: VillageData with data 4`] = `"101C8Y33 Years 04 Months 18 DaysThôn Kon Hia 1CoughingPrevious C-section2021-06-17At homeRisk"`;

exports[`components/VillageData must render correctly with data: VillageData with data 5`] = `"101C8Y33 Years 04 Months 18 DaysThôn Kon Hia 1CoughingPrevious C-section2021-06-17At homeRed alert"`;

exports[`components/VillageData pagination works correctly: first Page 1`] = `"101CN224 Years 04 Months 18 DaysThôn Kon Hia 1"`;

exports[`components/VillageData pagination works correctly: first Page 2`] = `"101C8Y33 Years 04 Months 18 DaysThôn Kon Hia 1"`;

exports[`components/VillageData pagination works correctly: first Page 3`] = `"101C8Y33 Years 04 Months 18 DaysThôn Kon Hia 1"`;

exports[`components/VillageData pagination works correctly: first Page 4`] = `"101C8Y33 Years 04 Months 18 DaysThôn Kon Hia 1"`;

exports[`components/VillageData pagination works correctly: first Page 5`] = `"101C8Y33 Years 04 Months 18 DaysThôn Kon Hia 1"`;

exports[`components/VillageData pagination works correctly: paginationItem for page 2 1`] = `
<li
  className="page-item"
>
  <a
    aria-disabled="false"
    aria-label="Next page"
    className="page-link"
    onClick={[Function]}
    onKeyPress={[Function]}
    rel="next"
    role="button"
    tabIndex="0"
  >
    next
  </a>
</li>
`;

exports[`components/VillageData pagination works correctly: second Page 1`] = `"101CN224 Years 04 Months 18 DaysThôn Kon Hia 1"`;

exports[`components/VillageData pagination works correctly: second Page 2`] = `"101C8Y33 Years 04 Months 18 DaysThôn Kon Hia 1"`;

exports[`components/VillageData pagination works correctly: second Page 3`] = `"101C8Y33 Years 04 Months 18 DaysThôn Kon Hia 1"`;

exports[`components/VillageData pagination works correctly: second Page 4`] = `"101C8Y33 Years 04 Months 18 DaysThôn Kon Hia 1"`;

exports[`components/VillageData pagination works correctly: second Page 5`] = `"101C8Y33 Years 04 Months 18 DaysThôn Kon Hia 1"`;

exports[`components/VillageData works correctly for NBC_AND_PNC_CHILD: NBC_AND_PNC_CHILD page 1`] = `"Patient IDDays Since BirthLocation Of ResidenceCurrent SymptomsLocation Of BirthRisk Category"`;

exports[`components/VillageData works correctly for NBC_AND_PNC_CHILD: NBC_AND_PNC_CHILD page 2`] = `"101CN2NaNThôn Kon Hia 1Risk"`;

exports[`components/VillageData works correctly for NBC_AND_PNC_CHILD: NBC_AND_PNC_CHILD page 3`] = `"101C8YNaNThôn Kon Hia 1Risk"`;

exports[`components/VillageData works correctly for NBC_AND_PNC_CHILD: NBC_AND_PNC_CHILD page 4`] = `"101C8YNaNThôn Kon Hia 1Risk"`;

exports[`components/VillageData works correctly for NBC_AND_PNC_CHILD: NBC_AND_PNC_CHILD page 5`] = `"101C8YNaNThôn Kon Hia 1Risk"`;

exports[`components/VillageData works correctly for NBC_AND_PNC_CHILD: NBC_AND_PNC_CHILD page 6`] = `"101C8YNaNThôn Kon Hia 1Red alert"`;

exports[`components/VillageData works correctly for NBC_AND_PNC_WOMAN: nBC and PNC woman Page 1`] = `"Patient IDAgeLocation Of ResidenceCurrent SymptomsPrevious Risks / Existing Medical ConditionsLocation Of BirthRisk Category"`;

exports[`components/VillageData works correctly for NBC_AND_PNC_WOMAN: nBC and PNC woman Page 2`] = `"101CN224 Years 04 Months 18 DaysThôn Kon Hia 1CoughingPrevious Miscarriage/ Stillborn / Pregnancy terminationRisk"`;

exports[`components/VillageData works correctly for NBC_AND_PNC_WOMAN: nBC and PNC woman Page 3`] = `"101C8Y33 Years 04 Months 18 DaysThôn Kon Hia 1CoughingPrevious C-sectionRisk"`;

exports[`components/VillageData works correctly for NBC_AND_PNC_WOMAN: nBC and PNC woman Page 4`] = `"101C8Y33 Years 04 Months 18 DaysThôn Kon Hia 1CoughingPrevious C-sectionRisk"`;

exports[`components/VillageData works correctly for NBC_AND_PNC_WOMAN: nBC and PNC woman Page 5`] = `"101C8Y33 Years 04 Months 18 DaysThôn Kon Hia 1CoughingPrevious C-sectionRisk"`;

exports[`components/VillageData works correctly for NBC_AND_PNC_WOMAN: nBC and PNC woman Page 6`] = `"101C8Y33 Years 04 Months 18 DaysThôn Kon Hia 1CoughingPrevious C-sectionRed alert"`;

exports[`components/VillageData works correctly for NUTRITION: Nutrition Page 1`] = `"Patient IDAgeLocation Of ResidenceRisk Category"`;

exports[`components/VillageData works correctly for NUTRITION: Nutrition Page 2`] = `"101CN224 Years 04 Months 18 DaysThôn Kon Hia 1"`;

exports[`components/VillageData works correctly for NUTRITION: Nutrition Page 3`] = `"101C8Y33 Years 04 Months 18 DaysThôn Kon Hia 1"`;

exports[`components/VillageData works correctly for NUTRITION: Nutrition Page 4`] = `"101C8Y33 Years 04 Months 18 DaysThôn Kon Hia 1"`;

exports[`components/VillageData works correctly for NUTRITION: Nutrition Page 5`] = `"101C8Y33 Years 04 Months 18 DaysThôn Kon Hia 1"`;

exports[`components/VillageData works correctly for NUTRITION: Nutrition Page 6`] = `"101C8Y33 Years 04 Months 18 DaysThôn Kon Hia 1"`;

exports[`components/VillageData works correctly for PREGNANCY: Pregnancy Page 1`] = `"Patient IDAgeLocation Of ResidenceCurrent SymptomsPrevious Risks / Existing Medical ConditionsEDDPlanned Delivery LocationRisk Category"`;

exports[`components/VillageData works correctly for PREGNANCY: Pregnancy Page 2`] = `"101CN224 Years 04 Months 18 DaysThôn Kon Hia 1CoughingPrevious Miscarriage/ Stillborn / Pregnancy termination2021-10-01Not at home/facilities, ENROUTERisk"`;

exports[`components/VillageData works correctly for PREGNANCY: Pregnancy Page 3`] = `"101C8Y33 Years 04 Months 18 DaysThôn Kon Hia 1CoughingPrevious C-section2021-06-17At homeRisk"`;

exports[`components/VillageData works correctly for PREGNANCY: Pregnancy Page 4`] = `"101C8Y33 Years 04 Months 18 DaysThôn Kon Hia 1CoughingPrevious C-section2021-06-17At homeRisk"`;

exports[`components/VillageData works correctly for PREGNANCY: Pregnancy Page 5`] = `"101C8Y33 Years 04 Months 18 DaysThôn Kon Hia 1CoughingPrevious C-section2021-06-17At homeRisk"`;

exports[`components/VillageData works correctly for PREGNANCY: Pregnancy Page 6`] = `"101C8Y33 Years 04 Months 18 DaysThôn Kon Hia 1CoughingPrevious C-section2021-06-17At homeRed alert"`;
